<html>
<body>
<pre>
<h1>µVision Build Log</h1>
<h2>Tool Versions:</h2>
IDE-Version: ¦ÌVision V5.32.0.0
Copyright (C) 2020 ARM Ltd and ARM Germany GmbH. All rights reserved.
License Information: a xiangyu, a, LIC=MPPLD-8MPBW-LQJ0Q-NC0SF-D0AQM-U7N94
 
Tool Versions:
Toolchain:       MDK-ARM Plus  Version: 5.32.0.0
Toolchain Path:  C:\Keil_v5\ARM\ARMCC\Bin
C Compiler:      Armcc.exe V5.06 update 7 (build 960)
Assembler:       Armasm.exe V5.06 update 7 (build 960)
Linker/Locator:  ArmLink.exe V5.06 update 7 (build 960)
Library Manager: ArmAr.exe V5.06 update 7 (build 960)
Hex Converter:   FromElf.exe V5.06 update 7 (build 960)
CPU DLL:         SARMCM3.DLL V5.32.0.0
Dialog DLL:      DCM.DLL V1.17.3.0
Target DLL:      CMSIS_AGDI.dll V1.32.12.0
Dialog DLL:      TCM.DLL V1.46.0.0
 
<h2>Project:</h2>
C:\Users\xiangyu\24V_FOC_Controller_audit_20260222\MDK-ARM\24V FOC Controller.uvprojx
Project File Date:  02/22/2026

<h2>Output:</h2>
*** Using Compiler 'V5.06 update 7 (build 960)', folder: 'C:\Keil_v5\ARM\ARMCC\Bin'
Build target '24V FOC Controller'
assembling startup_stm32h743xx.s...
compiling tim.c...
compiling i2c.c...
compiling dma.c...
compiling stm32h7xx_hal_msp.c...
compiling spi.c...
compiling fdcan.c...
compiling memorymap.c...
compiling adc.c...
compiling gpio.c...
compiling stm32h7xx_it.c...
compiling main.c...
compiling usart.c...
compiling stm32h7xx_hal_rcc.c...
compiling stm32h7xx_hal_adc_ex.c...
compiling stm32h7xx_hal_rcc_ex.c...
compiling stm32h7xx_hal_adc.c...
compiling stm32h7xx_hal_exti.c...
compiling stm32h7xx_hal_i2c.c...
compiling stm32h7xx_hal_flash.c...
compiling stm32h7xx_hal_flash_ex.c...
compiling stm32h7xx_hal_pwr.c...
compiling stm32h7xx_hal.c...
compiling stm32h7xx_hal_spi.c...
compiling stm32h7xx_hal_i2c_ex.c...
compiling stm32h7xx_hal_gpio.c...
compiling stm32h7xx_hal_fdcan.c...
compiling stm32h7xx_hal_mdma.c...
compiling stm32h7xx_hal_cortex.c...
compiling stm32h7xx_hal_hsem.c...
compiling stm32h7xx_hal_pwr_ex.c...
compiling stm32h7xx_hal_dma_ex.c...
compiling stm32h7xx_hal_dma.c...
compiling stm32h7xx_hal_spi_ex.c...
compiling adc_sampling.c...
code\adc_sampling.c(13): warning:  #550-D: variable "s_hadc"  was set but never used
  static ADC_HandleTypeDef* s_hadc = NULL;
code\adc_sampling.c: 1 warning, 0 errors
compiling drv8350s.c...
compiling system_stm32h7xx.c...
compiling motor_identify.c...
compiling tle5012.c...
compiling stm32h7xx_hal_tim_ex.c...
compiling foc_app.c...
compiling stm32h7xx_hal_uart_ex.c...
compiling uart_upload.c...
compiling foc_core.c...
compiling param_storage.c...
compiling stm32h7xx_hal_tim.c...
compiling stm32h7xx_hal_uart.c...
linking...
Program Size: Code=52214 RO-data=2466 RW-data=88 ZI-data=5008  
FromELF: creating hex file...
"24V FOC Controller\24V FOC Controller.axf" - 0 Error(s), 1 Warning(s).

<h2>Software Packages used:</h2>

Package Vendor: ARM
                http://www.keil.com/pack/ARM.CMSIS.5.7.0.pack
                ARM.CMSIS.5.7.0
                CMSIS (Cortex Microcontroller Software Interface Standard)
   * Component: CORE Version: 5.4.0

Package Vendor: Keil
                https://www.keil.com/pack/Keil.STM32H7xx_DFP.3.1.1.pack
                Keil.STM32H7xx_DFP.3.1.1
                STMicroelectronics STM32H7 Series Device Support and Examples

<h2>Collection of Component include folders:</h2>
  .\RTE\_24V_FOC_Controller
  C:\Keil_v5\ARM\PACK\ARM\CMSIS\5.7.0\CMSIS\Core\Include
  C:\Keil_v5\ARM\PACK\Keil\STM32H7xx_DFP\3.1.1\Drivers\CMSIS\Device\ST\STM32H7xx\Include

<h2>Collection of Component Files used:</h2>

   * Component: ARM::CMSIS:CORE:5.4.0
      Include file:  CMSIS\Core\Include\tz_context.h
Build Time Elapsed:  00:02:30
</pre>
</body>
</html>
